
Memory Configuration

Name             Origin             Length             Attributes
*default*        0x0000000000000000 0xffffffffffffffff

Linker script and memory map

                0x0000000000000000                . = 0x0

.text           0x0000000000000000       0xf0
 *(vector_start)
 *(.text .rodata)
 .text          0x0000000000000000       0xbc ../boot/output/Entry.o
                0x0000000000000000                vector_start
                0x000000000000003c                vector_end
 .text          0x00000000000000bc       0x34 ../boot/output/main.o
                0x00000000000000bc                main

.glue_7         0x00000000000000f0        0x0
 .glue_7        0x00000000000000f0        0x0 linker stubs

.glue_7t        0x00000000000000f0        0x0
 .glue_7t       0x00000000000000f0        0x0 linker stubs

.vfp11_veneer   0x00000000000000f0        0x0
 .vfp11_veneer  0x00000000000000f0        0x0 linker stubs

.v4_bx          0x00000000000000f0        0x0
 .v4_bx         0x00000000000000f0        0x0 linker stubs

.iplt           0x00000000000000f0        0x0
 .iplt          0x00000000000000f0        0x0 ../boot/output/Entry.o

.rel.dyn        0x00000000000000f0        0x0
 .rel.iplt      0x00000000000000f0        0x0 ../boot/output/Entry.o

.data           0x00000000000000f0        0x0
 *(.data)
 .data          0x00000000000000f0        0x0 ../boot/output/Entry.o
 .data          0x00000000000000f0        0x0 ../boot/output/main.o

.igot.plt       0x00000000000000f0        0x0
 .igot.plt      0x00000000000000f0        0x0 ../boot/output/Entry.o

.bss            0x00000000000000f0        0x0
 *(.bss)
 .bss           0x00000000000000f0        0x0 ../boot/output/Entry.o
 .bss           0x00000000000000f0        0x0 ../boot/output/main.o
LOAD ../boot/output/Entry.o
LOAD ../boot/output/main.o
OUTPUT(eos.axf elf32-littlearm)
LOAD linker stubs

.ARM.attributes
                0x0000000000000000       0x2b
 .ARM.attributes
                0x0000000000000000       0x1d ../boot/output/Entry.o
 .ARM.attributes
                0x000000000000001d       0x2f ../boot/output/main.o

.comment        0x0000000000000000       0x59
 .comment       0x0000000000000000       0x59 ../boot/output/main.o
                                         0x5a (size before relaxing)

.debug_line     0x0000000000000000       0xe9
 .debug_line    0x0000000000000000       0x6a ../boot/output/Entry.o
 .debug_line    0x000000000000006a       0x7f ../boot/output/main.o

.debug_info     0x0000000000000000       0xce
 .debug_info    0x0000000000000000       0x26 ../boot/output/Entry.o
 .debug_info    0x0000000000000026       0xa8 ../boot/output/main.o

.debug_abbrev   0x0000000000000000       0x83
 .debug_abbrev  0x0000000000000000       0x14 ../boot/output/Entry.o
 .debug_abbrev  0x0000000000000014       0x6f ../boot/output/main.o

.debug_aranges  0x0000000000000000       0x40
 .debug_aranges
                0x0000000000000000       0x20 ../boot/output/Entry.o
 .debug_aranges
                0x0000000000000020       0x20 ../boot/output/main.o

.debug_str      0x0000000000000000      0x130
 .debug_str     0x0000000000000000       0x3c ../boot/output/Entry.o
 .debug_str     0x000000000000003c       0xf4 ../boot/output/main.o
                                        0x148 (size before relaxing)

.debug_frame    0x0000000000000000       0x30
 .debug_frame   0x0000000000000000       0x30 ../boot/output/main.o
