Archive member included to satisfy reference by file (symbol)

/usr/lib/gcc/arm-none-eabi/9.2.1/libgcc.a(_udivsi3.o)
                              ../build/output/stdio.o (__aeabi_uidiv)
/usr/lib/gcc/arm-none-eabi/9.2.1/libgcc.a(_dvmd_tls.o)
                              /usr/lib/gcc/arm-none-eabi/9.2.1/libgcc.a(_udivsi3.o) (__aeabi_idiv0)

Memory Configuration

Name             Origin             Length             Attributes
*default*        0x0000000000000000 0xffffffffffffffff

Linker script and memory map

LOAD ../build/output/Entry.os
LOAD ../build/output/Handler.o
LOAD ../build/output/main.o
LOAD ../build/output/Regs.o
LOAD ../build/output/Interrupt.o
LOAD ../build/output/Uart.o
LOAD ../build/output/Timer.o
LOAD ../build/output/stdlib.o
LOAD ../build/output/stdio.o
LOAD ../build/output/armcpu.o
LOAD /usr/lib/gcc/arm-none-eabi/9.2.1/libgcc.a
                0x0000000000000000                . = 0x0

.text           0x0000000000000000      0xff8
 *(vector_start)
 *(.text .rodata)
 .text          0x0000000000000000       0xbc ../build/output/Entry.os
                0x0000000000000000                vector_start
                0x000000000000003c                vector_end
 .text          0x00000000000000bc       0x24 ../build/output/Handler.o
                0x00000000000000bc                Irq_Handler
                0x00000000000000d8                Fiq_Handler
 .text          0x00000000000000e0      0x154 ../build/output/main.o
                0x00000000000000e0                main
 .rodata        0x0000000000000234       0x98 ../build/output/main.o
 .text          0x00000000000002cc        0x0 ../build/output/Regs.o
 .text          0x00000000000002cc      0x2f8 ../build/output/Interrupt.o
                0x00000000000002cc                Hal_interrupt_init
                0x0000000000000368                Hal_interrupt_enable
                0x0000000000000434                Hal_interrupt_disable
                0x0000000000000508                Hal_interrupt_register_handler
                0x0000000000000540                Hal_interrupt_run_handler
 .text          0x00000000000005c4      0x1b4 ../build/output/Uart.o
                0x00000000000005c4                Hal_uart_init
                0x0000000000000664                Hal_uart_put_char
                0x00000000000006c0                Hal_uart_get_char
 .text          0x0000000000000778      0x210 ../build/output/Timer.o
                0x0000000000000778                Hal_timer_init
                0x000000000000091c                Hal_timer_get_1ms_counter
 .text          0x0000000000000988       0x4c ../build/output/stdlib.o
                0x0000000000000988                delay
 .text          0x00000000000009d4      0x454 ../build/output/stdio.o
                0x00000000000009d4                putstr
                0x0000000000000a34                debug_printf
                0x0000000000000a84                vsprintf
                0x0000000000000d04                utoa
 .rodata        0x0000000000000e28        0x7 ../build/output/stdio.o
 *fill*         0x0000000000000e2f        0x1 
 .text          0x0000000000000e30       0xb0 ../build/output/armcpu.o
                0x0000000000000e30                enable_irq
                0x0000000000000e5c                enable_fiq
                0x0000000000000e88                disable_irq
                0x0000000000000eb4                disable_fiq
 .text          0x0000000000000ee0      0x114 /usr/lib/gcc/arm-none-eabi/9.2.1/libgcc.a(_udivsi3.o)
                0x0000000000000ee0                __udivsi3
                0x0000000000000ee0                __aeabi_uidiv
                0x0000000000000fd4                __aeabi_uidivmod
 .text          0x0000000000000ff4        0x4 /usr/lib/gcc/arm-none-eabi/9.2.1/libgcc.a(_dvmd_tls.o)
                0x0000000000000ff4                __aeabi_ldiv0
                0x0000000000000ff4                __aeabi_idiv0

.glue_7         0x0000000000000ff8        0x0
 .glue_7        0x0000000000000ff8        0x0 linker stubs

.glue_7t        0x0000000000000ff8        0x0
 .glue_7t       0x0000000000000ff8        0x0 linker stubs

.vfp11_veneer   0x0000000000000ff8        0x0
 .vfp11_veneer  0x0000000000000ff8        0x0 linker stubs

.v4_bx          0x0000000000000ff8        0x0
 .v4_bx         0x0000000000000ff8        0x0 linker stubs

.iplt           0x0000000000000ff8        0x0
 .iplt          0x0000000000000ff8        0x0 ../build/output/Entry.os

.rel.dyn        0x0000000000000ff8        0x0
 .rel.iplt      0x0000000000000ff8        0x0 ../build/output/Entry.os

.data           0x0000000000000ff8       0x10
 *(.data)
 .data          0x0000000000000ff8        0x0 ../build/output/Entry.os
 .data          0x0000000000000ff8        0x0 ../build/output/Handler.o
 .data          0x0000000000000ff8        0x0 ../build/output/main.o
 .data          0x0000000000000ff8       0x10 ../build/output/Regs.o
                0x0000000000000ff8                Uart
                0x0000000000000ffc                GicCpu
                0x0000000000001000                GicDist
                0x0000000000001004                Timer
 .data          0x0000000000001008        0x0 ../build/output/Interrupt.o
 .data          0x0000000000001008        0x0 ../build/output/Uart.o
 .data          0x0000000000001008        0x0 ../build/output/Timer.o
 .data          0x0000000000001008        0x0 ../build/output/stdlib.o
 .data          0x0000000000001008        0x0 ../build/output/stdio.o
 .data          0x0000000000001008        0x0 ../build/output/armcpu.o
 .data          0x0000000000001008        0x0 /usr/lib/gcc/arm-none-eabi/9.2.1/libgcc.a(_udivsi3.o)
 .data          0x0000000000001008        0x0 /usr/lib/gcc/arm-none-eabi/9.2.1/libgcc.a(_dvmd_tls.o)

.igot.plt       0x0000000000001008        0x0
 .igot.plt      0x0000000000001008        0x0 ../build/output/Entry.os

.bss            0x0000000000001008      0x800
 *(.bss)
 .bss           0x0000000000001008        0x0 ../build/output/Entry.os
 .bss           0x0000000000001008        0x0 ../build/output/Handler.o
 .bss           0x0000000000001008        0x0 ../build/output/main.o
 .bss           0x0000000000001008        0x0 ../build/output/Regs.o
 .bss           0x0000000000001008      0x3fc ../build/output/Interrupt.o
 .bss           0x0000000000001404        0x0 ../build/output/Uart.o
 .bss           0x0000000000001404        0x4 ../build/output/Timer.o
 .bss           0x0000000000001408        0x0 ../build/output/stdlib.o
 .bss           0x0000000000001408      0x400 ../build/output/stdio.o
 .bss           0x0000000000001808        0x0 ../build/output/armcpu.o
 .bss           0x0000000000001808        0x0 /usr/lib/gcc/arm-none-eabi/9.2.1/libgcc.a(_udivsi3.o)
 .bss           0x0000000000001808        0x0 /usr/lib/gcc/arm-none-eabi/9.2.1/libgcc.a(_dvmd_tls.o)
OUTPUT(rvpb.axf elf32-littlearm)
LOAD linker stubs

.ARM.attributes
                0x0000000000000000       0x2b
 .ARM.attributes
                0x0000000000000000       0x1d ../build/output/Entry.os
 .ARM.attributes
                0x000000000000001d       0x2f ../build/output/Handler.o
 .ARM.attributes
                0x000000000000004c       0x2f ../build/output/main.o
 .ARM.attributes
                0x000000000000007b       0x2f ../build/output/Regs.o
 .ARM.attributes
                0x00000000000000aa       0x2f ../build/output/Interrupt.o
 .ARM.attributes
                0x00000000000000d9       0x2f ../build/output/Uart.o
 .ARM.attributes
                0x0000000000000108       0x2f ../build/output/Timer.o
 .ARM.attributes
                0x0000000000000137       0x2f ../build/output/stdlib.o
 .ARM.attributes
                0x0000000000000166       0x2f ../build/output/stdio.o
 .ARM.attributes
                0x0000000000000195       0x2f ../build/output/armcpu.o
 .ARM.attributes
                0x00000000000001c4       0x1c /usr/lib/gcc/arm-none-eabi/9.2.1/libgcc.a(_udivsi3.o)
 .ARM.attributes
                0x00000000000001e0       0x1c /usr/lib/gcc/arm-none-eabi/9.2.1/libgcc.a(_dvmd_tls.o)

.comment        0x0000000000000000       0x59
 .comment       0x0000000000000000       0x59 ../build/output/Handler.o
                                         0x5a (size before relaxing)
 .comment       0x0000000000000059       0x5a ../build/output/main.o
 .comment       0x0000000000000059       0x5a ../build/output/Regs.o
 .comment       0x0000000000000059       0x5a ../build/output/Interrupt.o
 .comment       0x0000000000000059       0x5a ../build/output/Uart.o
 .comment       0x0000000000000059       0x5a ../build/output/Timer.o
 .comment       0x0000000000000059       0x5a ../build/output/stdlib.o
 .comment       0x0000000000000059       0x5a ../build/output/stdio.o
 .comment       0x0000000000000059       0x5a ../build/output/armcpu.o

.debug_line     0x0000000000000000      0x7f5
 .debug_line    0x0000000000000000       0x6a ../build/output/Entry.os
 .debug_line    0x000000000000006a       0x51 ../build/output/Handler.o
 .debug_line    0x00000000000000bb       0xab ../build/output/main.o
 .debug_line    0x0000000000000166       0x6e ../build/output/Regs.o
 .debug_line    0x00000000000001d4      0x127 ../build/output/Interrupt.o
 .debug_line    0x00000000000002fb       0xed ../build/output/Uart.o
 .debug_line    0x00000000000003e8       0xe2 ../build/output/Timer.o
 .debug_line    0x00000000000004ca       0x72 ../build/output/stdlib.o
 .debug_line    0x000000000000053c      0x182 ../build/output/stdio.o
 .debug_line    0x00000000000006be       0x6c ../build/output/armcpu.o
 .debug_line    0x000000000000072a       0x74 /usr/lib/gcc/arm-none-eabi/9.2.1/libgcc.a(_udivsi3.o)
 .debug_line    0x000000000000079e       0x57 /usr/lib/gcc/arm-none-eabi/9.2.1/libgcc.a(_dvmd_tls.o)

.debug_info     0x0000000000000000     0x2d6a
 .debug_info    0x0000000000000000       0x26 ../build/output/Entry.os
 .debug_info    0x0000000000000026       0x82 ../build/output/Handler.o
 .debug_info    0x00000000000000a8      0x13a ../build/output/main.o
 .debug_info    0x00000000000001e2     0x124d ../build/output/Regs.o
 .debug_info    0x000000000000142f      0x691 ../build/output/Interrupt.o
 .debug_info    0x0000000000001ac0      0xbd2 ../build/output/Uart.o
 .debug_info    0x0000000000002692      0x2c6 ../build/output/Timer.o
 .debug_info    0x0000000000002958       0x9a ../build/output/stdlib.o
 .debug_info    0x00000000000029f2      0x2be ../build/output/stdio.o
 .debug_info    0x0000000000002cb0       0x6e ../build/output/armcpu.o
 .debug_info    0x0000000000002d1e       0x26 /usr/lib/gcc/arm-none-eabi/9.2.1/libgcc.a(_udivsi3.o)
 .debug_info    0x0000000000002d44       0x26 /usr/lib/gcc/arm-none-eabi/9.2.1/libgcc.a(_dvmd_tls.o)

.debug_abbrev   0x0000000000000000      0x8ac
 .debug_abbrev  0x0000000000000000       0x14 ../build/output/Entry.os
 .debug_abbrev  0x0000000000000014       0x5e ../build/output/Handler.o
 .debug_abbrev  0x0000000000000072       0xb9 ../build/output/main.o
 .debug_abbrev  0x000000000000012b      0x11a ../build/output/Regs.o
 .debug_abbrev  0x0000000000000245      0x19c ../build/output/Interrupt.o
 .debug_abbrev  0x00000000000003e1      0x19d ../build/output/Uart.o
 .debug_abbrev  0x000000000000057e      0x132 ../build/output/Timer.o
 .debug_abbrev  0x00000000000006b0       0x75 ../build/output/stdlib.o
 .debug_abbrev  0x0000000000000725      0x131 ../build/output/stdio.o
 .debug_abbrev  0x0000000000000856       0x2e ../build/output/armcpu.o
 .debug_abbrev  0x0000000000000884       0x14 /usr/lib/gcc/arm-none-eabi/9.2.1/libgcc.a(_udivsi3.o)
 .debug_abbrev  0x0000000000000898       0x14 /usr/lib/gcc/arm-none-eabi/9.2.1/libgcc.a(_dvmd_tls.o)

.debug_aranges  0x0000000000000000      0x178
 .debug_aranges
                0x0000000000000000       0x20 ../build/output/Entry.os
 .debug_aranges
                0x0000000000000020       0x20 ../build/output/Handler.o
 .debug_aranges
                0x0000000000000040       0x20 ../build/output/main.o
 .debug_aranges
                0x0000000000000060       0x18 ../build/output/Regs.o
 .debug_aranges
                0x0000000000000078       0x20 ../build/output/Interrupt.o
 .debug_aranges
                0x0000000000000098       0x20 ../build/output/Uart.o
 .debug_aranges
                0x00000000000000b8       0x20 ../build/output/Timer.o
 .debug_aranges
                0x00000000000000d8       0x20 ../build/output/stdlib.o
 .debug_aranges
                0x00000000000000f8       0x20 ../build/output/stdio.o
 .debug_aranges
                0x0000000000000118       0x20 ../build/output/armcpu.o
 .debug_aranges
                0x0000000000000138       0x20 /usr/lib/gcc/arm-none-eabi/9.2.1/libgcc.a(_udivsi3.o)
 .debug_aranges
                0x0000000000000158       0x20 /usr/lib/gcc/arm-none-eabi/9.2.1/libgcc.a(_dvmd_tls.o)

.debug_str      0x0000000000000000      0xa0b
 .debug_str     0x0000000000000000       0x3c ../build/output/Entry.os
 .debug_str     0x000000000000003c      0x100 ../build/output/Handler.o
                                        0x139 (size before relaxing)
 .debug_str     0x000000000000013c       0x55 ../build/output/main.o
                                        0x169 (size before relaxing)
 .debug_str     0x0000000000000191      0x5af ../build/output/Regs.o
                                        0x6ce (size before relaxing)
 .debug_str     0x0000000000000740       0xbe ../build/output/Interrupt.o
                                        0x3dd (size before relaxing)
 .debug_str     0x00000000000007fe       0x5c ../build/output/Uart.o
                                        0x46e (size before relaxing)
 .debug_str     0x000000000000085a       0x5b ../build/output/Timer.o
                                        0x27b (size before relaxing)
 .debug_str     0x00000000000008b5       0x1b ../build/output/stdlib.o
                                        0x133 (size before relaxing)
 .debug_str     0x00000000000008d0       0x7f ../build/output/stdio.o
                                        0x1b1 (size before relaxing)
 .debug_str     0x000000000000094f       0x3e ../build/output/armcpu.o
                                         0xe4 (size before relaxing)
 .debug_str     0x000000000000098d       0x7e /usr/lib/gcc/arm-none-eabi/9.2.1/libgcc.a(_udivsi3.o)
                                         0x8a (size before relaxing)
 .debug_str     0x0000000000000a0b       0x8a /usr/lib/gcc/arm-none-eabi/9.2.1/libgcc.a(_dvmd_tls.o)

.debug_frame    0x0000000000000000      0x40c
 .debug_frame   0x0000000000000000       0x50 ../build/output/Handler.o
 .debug_frame   0x0000000000000050       0x84 ../build/output/main.o
 .debug_frame   0x00000000000000d4       0xb0 ../build/output/Interrupt.o
 .debug_frame   0x0000000000000184       0x8c ../build/output/Uart.o
 .debug_frame   0x0000000000000210       0x70 ../build/output/Timer.o
 .debug_frame   0x0000000000000280       0x30 ../build/output/stdlib.o
 .debug_frame   0x00000000000002b0       0xac ../build/output/stdio.o
 .debug_frame   0x000000000000035c       0x90 ../build/output/armcpu.o
 .debug_frame   0x00000000000003ec       0x20 /usr/lib/gcc/arm-none-eabi/9.2.1/libgcc.a(_udivsi3.o)
